---
source: crates/dsql-core/tests/it/parse.rs
expression: "cst_snapshot(\"valid/imdb-title-basic.dsql\")"
---
document [0..145]
    query_def [0..144]
        Query "query" [0..5]
        Whitespace " " [5..6]
        Name "TitleLookup" [6..17]
        Whitespace " " [17..18]
        selection_set [18..144]
            LBrace "{" [18..19]
            Whitespace "\n  " [19..22]
            selection [22..142]
                field_selection [22..142]
                    relation_ref [22..27]
                        qualified_name [22..27]
                            Name "title" [22..27]
                    field_selection_tail [27..142]
                        field_suffix [27..142]
                            clause_list [27..66]
                                LPar "(" [27..28]
                                clause [28..41]
                                    where_clause [28..41]
                                        Where "where" [28..33]
                                        Whitespace " " [33..34]
                                        binary_expr [34..41]
                                            expr [34..37]
                                                scoped_path [34..37]
                                                    Dot "." [34..35]
                                                    scoped_path_segment [35..37]
                                                        qualified_name [35..37]
                                                            Name "id" [35..37]
                                            Whitespace " " [37..38]
                                            binary_operator [38..39]
                                                comparison_operator [38..39]
                                                    Gt ">" [38..39]
                                            Whitespace " " [39..40]
                                            expr [40..41]
                                                literal [40..41]
                                                    Number "0" [40..41]
                                Whitespace " " [41..42]
                                clause [42..57]
                                    order_by_clause [42..57]
                                        Order "order" [42..47]
                                        Whitespace " " [47..48]
                                        By "by" [48..50]
                                        Whitespace " " [50..51]
                                        order_item [51..57]
                                            qualified_name [51..53]
                                                Name "id" [51..53]
                                            Whitespace " " [53..54]
                                            sort_direction [54..57]
                                                Asc "asc" [54..57]
                                Whitespace " " [57..58]
                                clause [58..65]
                                    limit_clause [58..65]
                                        Limit "limit" [58..63]
                                        Whitespace " " [63..64]
                                        expr [64..65]
                                            literal [64..65]
                                                Number "2" [64..65]
                                RPar ")" [65..66]
                            Whitespace " " [66..67]
                            selection_set [67..142]
                                LBrace "{" [67..68]
                                Whitespace "\n    " [68..73]
                                selection [73..80]
                                    field_selection [73..80]
                                        relation_ref [73..75]
                                            qualified_name [73..75]
                                                Name "id" [73..75]
                                        Whitespace "\n    " [75..80]
                                        field_selection_tail [80..80]
                                            field_suffix [80..80]
                                selection [80..90]
                                    field_selection [80..90]
                                        relation_ref [80..85]
                                            qualified_name [80..85]
                                                Name "title" [80..85]
                                        Whitespace "\n    " [85..90]
                                        field_selection_tail [90..90]
                                            field_suffix [90..90]
                                selection [90..110]
                                    field_selection [90..110]
                                        relation_ref [90..105]
                                            qualified_name [90..105]
                                                Name "production_year" [90..105]
                                        Whitespace "\n    " [105..110]
                                        field_selection_tail [110..110]
                                            field_suffix [110..110]
                                selection [110..138]
                                    field_selection [110..138]
                                        relation_ref [110..119]
                                            qualified_name [110..119]
                                                Name "kind_type" [110..119]
                                        Whitespace " " [119..120]
                                        field_selection_tail [120..138]
                                            field_suffix [120..138]
                                                selection_set [120..138]
                                                    LBrace "{" [120..121]
                                                    Whitespace "\n      " [121..128]
                                                    selection [128..137]
                                                        field_selection [128..137]
                                                            relation_ref [128..132]
                                                                qualified_name [128..132]
                                                                    Name "kind" [128..132]
                                                            Whitespace "\n    " [132..137]
                                                            field_selection_tail [137..137]
                                                                field_suffix [137..137]
                                                    RBrace "}" [137..138]
                                Whitespace "\n  " [138..141]
                                RBrace "}" [141..142]
            Whitespace "\n" [142..143]
            RBrace "}" [143..144]
    Whitespace "\n" [144..145]
