---
source: crates/dsql-core/tests/it/parse.rs
expression: "cst_snapshot(\"valid/imdb-relation-path-selector.dsql\")"
---
document [0..228]
    query_def [0..227]
        Query "query" [0..5]
        Whitespace " " [5..6]
        Name "MovieRelationPathSelector" [6..31]
        Whitespace " " [31..32]
        selection_set [32..227]
            LBrace "{" [32..33]
            Whitespace "\n  " [33..36]
            selection [36..225]
                field_selection [36..225]
                    relation_ref [36..46]
                        qualified_name [36..46]
                            Name "movie_info" [36..46]
                    field_selection_tail [46..225]
                        field_suffix [46..225]
                            clause_list [46..76]
                                LPar "(" [46..47]
                                clause [47..67]
                                    where_clause [47..67]
                                        Where "where" [47..52]
                                        Whitespace " " [52..53]
                                        binary_expr [53..67]
                                            expr [53..56]
                                                scoped_path [53..56]
                                                    Dot "." [53..54]
                                                    scoped_path_segment [54..56]
                                                        qualified_name [54..56]
                                                            Name "id" [54..56]
                                            Whitespace " " [56..57]
                                            binary_operator [57..59]
                                                comparison_operator [57..59]
                                                    Eq "==" [57..59]
                                            Whitespace " " [59..60]
                                            expr [60..67]
                                                literal [60..67]
                                                    Number "1811435" [60..67]
                                Whitespace " " [67..68]
                                clause [68..75]
                                    limit_clause [68..75]
                                        Limit "limit" [68..73]
                                        Whitespace " " [73..74]
                                        expr [74..75]
                                            literal [74..75]
                                                Number "1" [74..75]
                                RPar ")" [75..76]
                            Whitespace " " [76..77]
                            selection_set [77..225]
                                LBrace "{" [77..78]
                                Whitespace "\n    " [78..83]
                                selection [83..90]
                                    field_selection [83..90]
                                        relation_ref [83..85]
                                            qualified_name [83..85]
                                                Name "id" [83..85]
                                        Whitespace "\n    " [85..90]
                                        field_selection_tail [90..90]
                                            field_suffix [90..90]
                                selection [90..221]
                                    field_selection [90..221]
                                        relation_ref [90..95]
                                            qualified_name [90..95]
                                                Name "title" [90..95]
                                        Whitespace " " [95..96]
                                        field_selection_tail [96..221]
                                            field_suffix [96..221]
                                                selection_set [96..221]
                                                    LBrace "{" [96..97]
                                                    Whitespace "\n      " [97..104]
                                                    selection [104..153]
                                                        field_selection [104..153]
                                                            relation_ref [104..111]
                                                                qualified_name [104..111]
                                                                    Name "aliases" [104..111]
                                                            field_selection_tail [111..153]
                                                                Colon ":" [111..112]
                                                                Whitespace " " [112..113]
                                                                relation_ref [113..132]
                                                                    qualified_name [113..122]
                                                                        Name "aka_title" [113..122]
                                                                    Arrow "->" [122..124]
                                                                    Name "movie_id" [124..132]
                                                                Whitespace " " [132..133]
                                                                field_suffix [133..153]
                                                                    selection_set [133..153]
                                                                        LBrace "{" [133..134]
                                                                        Whitespace "\n        " [134..143]
                                                                        selection [143..152]
                                                                            field_selection [143..152]
                                                                                relation_ref [143..145]
                                                                                    qualified_name [143..145]
                                                                                        Name "id" [143..145]
                                                                                Whitespace "\n      " [145..152]
                                                                                field_selection_tail [152..152]
                                                                                    field_suffix [152..152]
                                                                        RBrace "}" [152..153]
                                                    Whitespace "\n      " [153..160]
                                                    selection [160..215]
                                                        field_selection [160..215]
                                                            relation_ref [160..168]
                                                                qualified_name [160..168]
                                                                    Name "episodes" [160..168]
                                                            field_selection_tail [168..215]
                                                                Colon ":" [168..169]
                                                                Whitespace " " [169..170]
                                                                relation_ref [170..194]
                                                                    qualified_name [170..179]
                                                                        Name "aka_title" [170..179]
                                                                    Arrow "->" [179..181]
                                                                    Name "episode_of_id" [181..194]
                                                                Whitespace " " [194..195]
                                                                field_suffix [195..215]
                                                                    selection_set [195..215]
                                                                        LBrace "{" [195..196]
                                                                        Whitespace "\n        " [196..205]
                                                                        selection [205..214]
                                                                            field_selection [205..214]
                                                                                relation_ref [205..207]
                                                                                    qualified_name [205..207]
                                                                                        Name "id" [205..207]
                                                                                Whitespace "\n      " [207..214]
                                                                                field_selection_tail [214..214]
                                                                                    field_suffix [214..214]
                                                                        RBrace "}" [214..215]
                                                    Whitespace "\n    " [215..220]
                                                    RBrace "}" [220..221]
                                Whitespace "\n  " [221..224]
                                RBrace "}" [224..225]
            Whitespace "\n" [225..226]
            RBrace "}" [226..227]
    Whitespace "\n" [227..228]
