---
source: crates/dsql-core/tests/it/lowering.rs
expression: render_clauses(&bowl).await
---
title: limit 1
title: limit 2
title: order by id asc
title: where (.aka_title->movie_id.title like "%foo%")
title: where (.id > 0)
users: limit %max
users: limit 10
users: offset 10
users: order by created_at desc, id
users: where ((.tenant_id == $tenant) and ((.age >= %min) or (.name like "a%")))
users: where (.posts | exists and (.posts | count >= %minimum))
