---
source: crates/dsql-core/tests/it/embedding.rs
expression: "crate::render_diagnostic_facts(&bowl).await"
---
Error[0..0]: embedded dsql expression defines 2 top-level definitions; exactly one is required
Error[0..0]: embedded dsql expression defines 2 top-level definitions; exactly one is required
Error[0..0]: embedded dsql expression defines 2 top-level definitions; exactly one is required
Error[0..0]: embedded dsql expression defines no top-level definition; exactly one is required
Error[0..0]: embedded dsql expression defines no top-level definition; exactly one is required
Error[5..5]: invalid syntax, expected one of: 'apply', 'condition', 'exists', 'field', 'filter', 'in', 'is', <name>, 'not', 'when'
