---
source: crates/dsql-core/tests/it/variables.rs
expression: "format!(\"diagnostics:\\n{}\\n\\nbindings:\\n{bindings}\",\nrender_diagnostic_facts(&bowl).await,)"
---
diagnostics:
Error[302..317]: query `CompatibleAliases` infers incompatible contracts for `params.integer_alias` (first used at 265..280)
Error[90..98]: query `DistinctProviderTypes` infers incompatible contracts for `params.shared` (first used at 65..73)

bindings:
params.shared TextCast pg_catalog.date Unknown
params.shared TextCast pg_catalog.inet Unknown
params.text_alias Text pg_catalog.varchar Text
params.text_alias Text pg_catalog.text Text
params.integer_alias Integer pg_catalog.int4 Int
params.integer_alias BigInteger pg_catalog.int8 BigInt
params.boolean_alias Boolean pg_catalog.bool Boolean
params.boolean_alias Boolean <none> Boolean
params.same_provider TextCast pg_catalog.date Unknown
params.same_provider TextCast pg_catalog.date Unknown
