---
source: crates/dsql-core/tests/it/parse.rs
expression: "format!(\"{cst}---\\n{rendered}\")"
---
document [0..192]
    query_def [0..191]
        Query "query" [0..5]
        Whitespace " " [5..6]
        Name "AggregateFilters" [6..22]
        Whitespace " " [22..23]
        selection_set [23..191]
            LBrace "{" [23..24]
            Whitespace "\n  " [24..27]
            selection [27..189]
                field_selection [27..189]
                    relation_ref [27..32]
                        qualified_name [27..32]
                            Name "title" [27..32]
                    field_selection_tail [32..189]
                        field_suffix [32..189]
                            clause_list [32..182]
                                LPar "(" [32..33]
                                Whitespace "\n    " [33..38]
                                clause [38..165]
                                    where_clause [38..165]
                                        Where "where" [38..43]
                                        Whitespace " " [43..44]
                                        binary_expr [44..165]
                                            binary_expr [44..114]
                                                expr [44..68]
                                                    scalar_aggregate_expr [44..68]
                                                        scoped_path [44..59]
                                                            Dot "." [44..45]
                                                            scoped_path_segment [45..59]
                                                                qualified_name [45..59]
                                                                    Name "movie_info_idx" [45..59]
                                                        Whitespace " " [59..60]
                                                        Pipe "|" [60..61]
                                                        Whitespace " " [61..62]
                                                        contextual_name [62..68]
                                                            Exists "exists" [62..68]
                                                Whitespace "\n      " [68..75]
                                                And "and" [75..78]
                                                Whitespace " " [78..79]
                                                binary_expr [79..114]
                                                    expr [79..102]
                                                        scalar_aggregate_expr [79..102]
                                                            scoped_path [79..94]
                                                                Dot "." [79..80]
                                                                scoped_path_segment [80..94]
                                                                    qualified_name [80..94]
                                                                        Name "movie_info_idx" [80..94]
                                                            Whitespace " " [94..95]
                                                            Pipe "|" [95..96]
                                                            Whitespace " " [96..97]
                                                            Name "count" [97..102]
                                                    Whitespace " " [102..103]
                                                    binary_operator [103..105]
                                                        comparison_operator [103..105]
                                                            Ge ">=" [103..105]
                                                    Whitespace " " [105..106]
                                                    expr [106..114]
                                                        value_variable [106..114]
                                                            Percent "%" [106..107]
                                                            variable_name [107..114]
                                                                Name "minimum" [107..114]
                                            Whitespace "\n      " [114..121]
                                            And "and" [121..124]
                                            Whitespace " " [124..125]
                                            binary_expr [125..165]
                                                expr [125..154]
                                                    LPar "(" [125..126]
                                                    expr [126..153]
                                                        scalar_aggregate_expr [126..153]
                                                            scoped_path [126..141]
                                                                Dot "." [126..127]
                                                                scoped_path_segment [127..141]
                                                                    qualified_name [127..141]
                                                                        Name "movie_info_idx" [127..141]
                                                            Whitespace " " [141..142]
                                                            Pipe "|" [142..143]
                                                            Whitespace " " [143..144]
                                                            Name "min" [144..147]
                                                            Whitespace " " [147..148]
                                                            scoped_path [148..153]
                                                                Dot "." [148..149]
                                                                scoped_path_segment [149..153]
                                                                    qualified_name [149..153]
                                                                        Name "info" [149..153]
                                                    RPar ")" [153..154]
                                                Whitespace " " [154..155]
                                                binary_operator [155..159]
                                                    comparison_operator [155..159]
                                                        Like "like" [155..159]
                                                Whitespace " " [159..160]
                                                expr [160..165]
                                                    literal [160..165]
                                                        String "\"4.%\"" [160..165]
                                Whitespace "\n    " [165..170]
                                clause [170..178]
                                    limit_clause [170..178]
                                        Limit "limit" [170..175]
                                        Whitespace " " [175..176]
                                        expr [176..178]
                                            literal [176..178]
                                                Number "10" [176..178]
                                Whitespace "\n  " [178..181]
                                RPar ")" [181..182]
                            Whitespace " " [182..183]
                            selection_set [183..189]
                                LBrace "{" [183..184]
                                Whitespace " " [184..185]
                                selection [185..188]
                                    field_selection [185..188]
                                        relation_ref [185..187]
                                            qualified_name [185..187]
                                                Name "id" [185..187]
                                        Whitespace " " [187..188]
                                        field_selection_tail [188..188]
                                            field_suffix [188..188]
                                RBrace "}" [188..189]
            Whitespace "\n" [189..190]
            RBrace "}" [190..191]
    Whitespace "\n" [191..192]
---
