---
source: crates/dsql-core/tests/it/completions.rs
expression: "completions(\"query Q {\\n  public::users(where .id |) {\\n    id\\n  }\\n}\\n\").await"
---
Column created_at (timestamptz)
Column email (text)
Column id (uuid)
Column name (text)
Scope . (current scope)
Scope .. (parent scope)
Scope ~ (root scope)
Operator !=
Operator <
Operator <=
Operator ==
Operator >
Operator >=
Keyword and
Keyword asc
Keyword by
Keyword desc
Keyword exists
Keyword fragment
Keyword in
Keyword is
Keyword like
Keyword limit
Keyword not
Keyword offset
Keyword or
Keyword order
Keyword query
Keyword where
