---
source: crates/dsql-core/tests/it/scenarios.rs
expression: "answers.join(\"\\n\")"
---
fragment target: Table { schema: "public", table: "title", support: None }
query root: Table { schema: "public", table: "movie_info", support: None }
predicate relation: Relation { schema: "public", table: "title", name: "title", support: None }
predicate column: Column { schema: "public", table: "title", column: "production_year", support: None }
order column: Column { schema: "public", table: "movie_info", column: "note", support: None }
selected column: Column { schema: "public", table: "movie_info", column: "note", support: None }
selected relation: Relation { schema: "public", table: "title", name: "title", support: None }
