---
source: crates/dsql-core/tests/it/aggregates.rs
expression: render_diagnostic_facts(&bowl).await
---
Error[152..166]: aggregate body must contain at least one field
Error[209..216]: unknown aggregate function `mystery`
Error[221..226]: aggregate function `count` with an operand requires an output alias
Error[247..250]: aggregate function `exists` does not accept an operand
Error[255..258]: aggregate function `min` requires a direct column operand
Error[278..284]: aggregate operand `..name` must be a `.`-anchored direct scalar column
Error[303..306]: aggregate function `min` does not support `uuid` operands
Error[321..326]: aggregate output key `count` is ambiguous; use a distinct alias
Error[331..395]: aggregate output key `aaaaaaaaaaaaaaaaaaaaaaaaaaaaaaaaaaaaaaaaaaaaaaaaaaaaaaaaaaaaaaaa` is 64 bytes; PostgreSQL result aliases must be at most 63 bytes
Error[431..444]: aggregate sources do not support `order by` clauses
Error[445..452]: aggregate sources do not support `limit` clauses
Error[453..461]: aggregate sources do not support `offset` clauses
Error[524..528]: aggregate source `name` must be a collection; singular and scalar sources cannot be aggregated
Error[53..62]: unknown selection transform `summarize`
Error[596..601]: aggregate source `users` must be a collection; singular and scalar sources cannot be aggregated
Error[98..128]: grouped aggregates are recognized but are not implemented yet
