---
source: crates/dsql-core/tests/it/parse.rs
expression: "format!(\"{cst}---\\n{}\", render_diagnostics(source, &diagnostics))"
---
document [0..240]
    query_def [0..239]
        Query "query" [0..5]
        Whitespace " " [5..6]
        Name "PredicateExtensions" [6..25]
        Whitespace " " [25..26]
        selection_set [26..239]
            LBrace "{" [26..27]
            Whitespace "\n  " [27..30]
            selection [30..237]
                field_selection [30..237]
                    relation_ref [30..35]
                        qualified_name [30..35]
                            Name "users" [30..35]
                    field_selection_tail [35..237]
                        field_suffix [35..237]
                            clause_list [35..230]
                                LPar "(" [35..36]
                                Whitespace "\n    " [36..41]
                                clause [41..226]
                                    where_clause [41..226]
                                        Where "where" [41..46]
                                        Whitespace " " [46..47]
                                        binary_expr [47..226]
                                            unary_expr [47..61]
                                                Not "not" [47..50]
                                                Whitespace " " [50..51]
                                                expr [51..61]
                                                    value_variable [51..61]
                                                        DollarDollar "$$" [51..53]
                                                        Name "disabled" [53..61]
                                            Whitespace " " [61..62]
                                            Or "or" [62..64]
                                            Whitespace " " [64..65]
                                            binary_expr [65..226]
                                                binary_expr [65..119]
                                                    binary_expr [65..85]
                                                        expr [65..68]
                                                            scoped_path [65..68]
                                                                Dot "." [65..66]
                                                                scoped_path_segment [66..68]
                                                                    qualified_name [66..68]
                                                                        Name "id" [66..68]
                                                        Whitespace " " [68..69]
                                                        In "in" [69..71]
                                                        Whitespace " " [71..72]
                                                        expr [72..85]
                                                            collection_literal [72..85]
                                                                LBracket "[" [72..73]
                                                                expr [73..74]
                                                                    literal [73..74]
                                                                        Number "1" [73..74]
                                                                Comma "," [74..75]
                                                                Whitespace " " [75..76]
                                                                expr [76..80]
                                                                    literal [76..80]
                                                                        Null "null" [76..80]
                                                                Comma "," [80..81]
                                                                Whitespace " " [81..82]
                                                                expr [82..83]
                                                                    literal [82..83]
                                                                        Number "2" [82..83]
                                                                Comma "," [83..84]
                                                                RBracket "]" [84..85]
                                                    Whitespace "\n      " [85..92]
                                                    And "and" [92..95]
                                                    Whitespace " " [95..96]
                                                    null_test_expr [96..119]
                                                        expr [96..107]
                                                            scoped_path [96..107]
                                                                Dot "." [96..97]
                                                                scoped_path_segment [97..107]
                                                                    qualified_name [97..107]
                                                                        Name "deleted_at" [97..107]
                                                        Whitespace " " [107..108]
                                                        Is "is" [108..110]
                                                        Whitespace " " [110..111]
                                                        Not "not" [111..114]
                                                        Whitespace " " [114..115]
                                                        Null "null" [115..119]
                                                Whitespace "\n      " [119..126]
                                                And "and" [126..129]
                                                Whitespace " " [129..130]
                                                expr [130..226]
                                                    exists_expr [130..226]
                                                        Exists "exists" [130..136]
                                                        Whitespace " " [136..137]
                                                        exists_source [137..226]
                                                            scoped_path [137..143]
                                                                Dot "." [137..138]
                                                                scoped_path_segment [138..143]
                                                                    qualified_name [138..143]
                                                                        Name "posts" [138..143]
                                                            LPar "(" [143..144]
                                                            filter_assignment [144..175]
                                                                Filter "filter" [144..150]
                                                                Whitespace " " [150..151]
                                                                Name "Published" [151..160]
                                                                Whitespace " " [160..161]
                                                                When "when" [161..165]
                                                                Whitespace " " [165..166]
                                                                expr [166..175]
                                                                    value_variable [166..175]
                                                                        DollarDollar "$$" [166..168]
                                                                        Name "enabled" [168..175]
                                                            Whitespace " " [175..176]
                                                            where_clause [176..225]
                                                                Where "where" [176..181]
                                                                Whitespace " " [181..182]
                                                                binary_expr [182..225]
                                                                    binary_expr [182..204]
                                                                        expr [182..188]
                                                                            scoped_path [182..188]
                                                                                Dot "." [182..183]
                                                                                scoped_path_segment [183..188]
                                                                                    qualified_name [183..188]
                                                                                        Name "title" [183..188]
                                                                        Whitespace " " [188..189]
                                                                        Not "not" [189..192]
                                                                        Whitespace " " [192..193]
                                                                        In "in" [193..195]
                                                                        Whitespace " " [195..196]
                                                                        expr [196..204]
                                                                            value_variable [196..204]
                                                                                DollarDollar "$$" [196..198]
                                                                                Name "titles" [198..204]
                                                                    Whitespace " " [204..205]
                                                                    And "and" [205..208]
                                                                    Whitespace " " [208..209]
                                                                    binary_expr [209..225]
                                                                        expr [209..217]
                                                                            scoped_path [209..217]
                                                                                Dot "." [209..210]
                                                                                scoped_path_segment [210..217]
                                                                                    qualified_name [210..217]
                                                                                        Name "user_id" [210..217]
                                                                        Whitespace " " [217..218]
                                                                        binary_operator [218..220]
                                                                            comparison_operator [218..220]
                                                                                Eq "==" [218..220]
                                                                        Whitespace " " [220..221]
                                                                        expr [221..225]
                                                                            scoped_path [221..225]
                                                                                DotDot ".." [221..223]
                                                                                scoped_path_segment [223..225]
                                                                                    qualified_name [223..225]
                                                                                        Name "id" [223..225]
                                                            RPar ")" [225..226]
                                Whitespace "\n  " [226..229]
                                RPar ")" [229..230]
                            Whitespace " " [230..231]
                            selection_set [231..237]
                                LBrace "{" [231..232]
                                Whitespace " " [232..233]
                                selection [233..236]
                                    field_selection [233..236]
                                        relation_ref [233..235]
                                            qualified_name [233..235]
                                                Name "id" [233..235]
                                        Whitespace " " [235..236]
                                        field_selection_tail [236..236]
                                            field_suffix [236..236]
                                RBrace "}" [236..237]
            Whitespace "\n" [237..238]
            RBrace "}" [238..239]
    Whitespace "\n" [239..240]
---
