---
source: crates/dsql-core/tests/it/policies.rs
expression: "format!(\"policy-policy:\\n{policies}\\n\\npolicy-query:\\n{query}\\n\\ncross-root:\\n{roots}\\n\\nfragments:\\n{fragments}\")"
---
policy-policy:
Error[148..153]: trusted context `context.shared` is required as both `int` and `text`

policy-query:
Error[101..109]: trusted context `context.shared` is required as both `int` and `text`

cross-root:
Error[149..202]: trusted context `context.shared` is required as both `int` and `text`

fragments:
Error[220..236]: query `Conflict` infers incompatible contracts for `context.shared` (first used at 205..219)
