---
source: crates/dsql-core/tests/it/parse.rs
expression: "format!(\"{cst}---\\n{}\", render_diagnostics(source, &diagnostics))"
---
document [0..237]
    query_def [0..236]
        Query "query" [0..5]
        Whitespace " " [5..6]
        Name "PredicateExtensions" [6..25]
        Whitespace " " [25..26]
        selection_set [26..236]
            LBrace "{" [26..27]
            Whitespace "\n  " [27..30]
            selection [30..234]
                field_selection [30..234]
                    relation_ref [30..35]
                        qualified_name [30..35]
                            Name "users" [30..35]
                    field_selection_tail [35..234]
                        field_suffix [35..234]
                            clause_list [35..227]
                                LPar "(" [35..36]
                                Whitespace "\n    " [36..41]
                                clause [41..223]
                                    where_clause [41..223]
                                        Where "where" [41..46]
                                        Whitespace " " [46..47]
                                        binary_expr [47..223]
                                            unary_expr [47..60]
                                                Not "not" [47..50]
                                                Whitespace " " [50..51]
                                                expr [51..60]
                                                    value_variable [51..60]
                                                        Percent "%" [51..52]
                                                        variable_name [52..60]
                                                            Name "disabled" [52..60]
                                            Whitespace " " [60..61]
                                            Or "or" [61..63]
                                            Whitespace " " [63..64]
                                            binary_expr [64..223]
                                                binary_expr [64..118]
                                                    binary_expr [64..84]
                                                        expr [64..67]
                                                            scoped_path [64..67]
                                                                Dot "." [64..65]
                                                                scoped_path_segment [65..67]
                                                                    qualified_name [65..67]
                                                                        Name "id" [65..67]
                                                        Whitespace " " [67..68]
                                                        In "in" [68..70]
                                                        Whitespace " " [70..71]
                                                        expr [71..84]
                                                            collection_literal [71..84]
                                                                LBracket "[" [71..72]
                                                                expr [72..73]
                                                                    literal [72..73]
                                                                        Number "1" [72..73]
                                                                Comma "," [73..74]
                                                                Whitespace " " [74..75]
                                                                expr [75..79]
                                                                    literal [75..79]
                                                                        Null "null" [75..79]
                                                                Comma "," [79..80]
                                                                Whitespace " " [80..81]
                                                                expr [81..82]
                                                                    literal [81..82]
                                                                        Number "2" [81..82]
                                                                Comma "," [82..83]
                                                                RBracket "]" [83..84]
                                                    Whitespace "\n      " [84..91]
                                                    And "and" [91..94]
                                                    Whitespace " " [94..95]
                                                    null_test_expr [95..118]
                                                        expr [95..106]
                                                            scoped_path [95..106]
                                                                Dot "." [95..96]
                                                                scoped_path_segment [96..106]
                                                                    qualified_name [96..106]
                                                                        Name "deleted_at" [96..106]
                                                        Whitespace " " [106..107]
                                                        Is "is" [107..109]
                                                        Whitespace " " [109..110]
                                                        Not "not" [110..113]
                                                        Whitespace " " [113..114]
                                                        Null "null" [114..118]
                                                Whitespace "\n      " [118..125]
                                                And "and" [125..128]
                                                Whitespace " " [128..129]
                                                expr [129..223]
                                                    exists_expr [129..223]
                                                        Exists "exists" [129..135]
                                                        Whitespace " " [135..136]
                                                        exists_source [136..223]
                                                            scoped_path [136..142]
                                                                Dot "." [136..137]
                                                                scoped_path_segment [137..142]
                                                                    qualified_name [137..142]
                                                                        Name "posts" [137..142]
                                                            LPar "(" [142..143]
                                                            filter_assignment [143..173]
                                                                Filter "filter" [143..149]
                                                                Whitespace " " [149..150]
                                                                Name "Published" [150..159]
                                                                Whitespace " " [159..160]
                                                                When "when" [160..164]
                                                                Whitespace " " [164..165]
                                                                expr [165..173]
                                                                    value_variable [165..173]
                                                                        Percent "%" [165..166]
                                                                        variable_name [166..173]
                                                                            Name "enabled" [166..173]
                                                            Whitespace " " [173..174]
                                                            where_clause [174..222]
                                                                Where "where" [174..179]
                                                                Whitespace " " [179..180]
                                                                binary_expr [180..222]
                                                                    binary_expr [180..201]
                                                                        expr [180..186]
                                                                            scoped_path [180..186]
                                                                                Dot "." [180..181]
                                                                                scoped_path_segment [181..186]
                                                                                    qualified_name [181..186]
                                                                                        Name "title" [181..186]
                                                                        Whitespace " " [186..187]
                                                                        Not "not" [187..190]
                                                                        Whitespace " " [190..191]
                                                                        In "in" [191..193]
                                                                        Whitespace " " [193..194]
                                                                        expr [194..201]
                                                                            value_variable [194..201]
                                                                                Percent "%" [194..195]
                                                                                variable_name [195..201]
                                                                                    Name "titles" [195..201]
                                                                    Whitespace " " [201..202]
                                                                    And "and" [202..205]
                                                                    Whitespace " " [205..206]
                                                                    binary_expr [206..222]
                                                                        expr [206..214]
                                                                            scoped_path [206..214]
                                                                                Dot "." [206..207]
                                                                                scoped_path_segment [207..214]
                                                                                    qualified_name [207..214]
                                                                                        Name "user_id" [207..214]
                                                                        Whitespace " " [214..215]
                                                                        binary_operator [215..217]
                                                                            comparison_operator [215..217]
                                                                                Eq "==" [215..217]
                                                                        Whitespace " " [217..218]
                                                                        expr [218..222]
                                                                            scoped_path [218..222]
                                                                                DotDot ".." [218..220]
                                                                                scoped_path_segment [220..222]
                                                                                    qualified_name [220..222]
                                                                                        Name "id" [220..222]
                                                            RPar ")" [222..223]
                                Whitespace "\n  " [223..226]
                                RPar ")" [226..227]
                            Whitespace " " [227..228]
                            selection_set [228..234]
                                LBrace "{" [228..229]
                                Whitespace " " [229..230]
                                selection [230..233]
                                    field_selection [230..233]
                                        relation_ref [230..232]
                                            qualified_name [230..232]
                                                Name "id" [230..232]
                                        Whitespace " " [232..233]
                                        field_selection_tail [233..233]
                                            field_suffix [233..233]
                                RBrace "}" [233..234]
            Whitespace "\n" [234..235]
            RBrace "}" [235..236]
    Whitespace "\n" [236..237]
---
