---
source: crates/dsql-core/tests/it/completions.rs
expression: "completions(\"query Q {\\n  users(where .id |) {\\n    id\\n  }\\n}\\n\").await"
---
Column created_at (timestamptz)
Column email (text)
Column id (uuid)
Column name (text)
Scope . (current scope)
Scope .. (parent scope)
Scope ~ (root scope)
Operator !=
Operator <
Operator <=
Operator ==
Operator >
Operator >=
Keyword and
Keyword asc
Keyword desc
Keyword exists
Keyword in
Keyword is
Keyword like
Keyword limit
Keyword not
Keyword offset
Keyword or
Keyword order
Keyword where
