---
source: crates/dsql-core/tests/it/checks.rs
expression: render_diagnostic_facts(&bowl).await
---
Error[105..121]: default for `limit` does not match inferred type int
Error[178..192]: non-null input `limit` cannot use `null` as its default
Error[251..263]: comparison-operator input `op` cannot be nullable
Error[373..397]: default for `direction` does not match inferred type unknown
Error[486..498]: limit default for `limit` must be a non-negative integer no greater than 9007199254740991
Error[501..531]: offset default for `offset` must be a non-negative integer no greater than 9007199254740991
Error[626..680]: collection default for `ids` cannot contain `null` elements
Error[772..794]: fragment `Required` requires a binding for `params.count` in explicitly bound `params` root
Error[784..793]: fragment `Required` infers no `params` input named `missing`
Error[829..845]: nullable caller input `caller` cannot bind a non-null fragment input
Error[93..100]: query `InvalidDefaults` infers no top-level input named `missing`
