---
source: crates/dsql-core/tests/it/parse.rs
expression: "cst_snapshot(\"valid/imdb-scoped-relation-predicate.dsql\")"
---
document [0..120]
    query_def [0..119]
        Query "query" [0..5]
        Whitespace " " [5..6]
        Name "ScopedRelationPredicate" [6..29]
        Whitespace " " [29..30]
        selection_set [30..119]
            LBrace "{" [30..31]
            Whitespace "\n  " [31..34]
            selection [34..117]
                field_selection [34..117]
                    relation_ref [34..39]
                        qualified_name [34..39]
                            Name "title" [34..39]
                    field_selection_tail [39..117]
                        field_suffix [39..117]
                            clause_list [39..94]
                                LPar "(" [39..40]
                                clause [40..85]
                                    where_clause [40..85]
                                        Where "where" [40..45]
                                        Whitespace " " [45..46]
                                        binary_expr [46..85]
                                            expr [46..72]
                                                scoped_path [46..72]
                                                    Dot "." [46..47]
                                                    scoped_path_segment [47..66]
                                                        qualified_name [47..56]
                                                            Name "aka_title" [47..56]
                                                        Arrow "->" [56..58]
                                                        Name "movie_id" [58..66]
                                                    Dot "." [66..67]
                                                    scoped_path_segment [67..72]
                                                        qualified_name [67..72]
                                                            Name "title" [67..72]
                                            Whitespace " " [72..73]
                                            binary_operator [73..77]
                                                comparison_operator [73..77]
                                                    Like "like" [73..77]
                                            Whitespace " " [77..78]
                                            expr [78..85]
                                                literal [78..85]
                                                    String "\"%foo%\"" [78..85]
                                Whitespace " " [85..86]
                                clause [86..93]
                                    limit_clause [86..93]
                                        Limit "limit" [86..91]
                                        Whitespace " " [91..92]
                                        expr [92..93]
                                            literal [92..93]
                                                Number "1" [92..93]
                                RPar ")" [93..94]
                            Whitespace " " [94..95]
                            selection_set [95..117]
                                LBrace "{" [95..96]
                                Whitespace "\n    " [96..101]
                                selection [101..108]
                                    field_selection [101..108]
                                        relation_ref [101..103]
                                            qualified_name [101..103]
                                                Name "id" [101..103]
                                        Whitespace "\n    " [103..108]
                                        field_selection_tail [108..108]
                                            field_suffix [108..108]
                                selection [108..116]
                                    field_selection [108..116]
                                        relation_ref [108..113]
                                            qualified_name [108..113]
                                                Name "title" [108..113]
                                        Whitespace "\n  " [113..116]
                                        field_selection_tail [116..116]
                                            field_suffix [116..116]
                                RBrace "}" [116..117]
            Whitespace "\n" [117..118]
            RBrace "}" [118..119]
    Whitespace "\n" [119..120]
