---
source: crates/dsql-core/tests/it/parse.rs
expression: "cst_snapshot(\"valid/imdb-relation-path-selector.dsql\")"
---
document [0..220]
    query_def [0..219]
        Query "query" [0..5]
        Whitespace " " [5..6]
        Name "MovieRelationPathSelector" [6..31]
        Whitespace " " [31..32]
        selection_set [32..219]
            LBrace "{" [32..33]
            Whitespace "\n  " [33..36]
            selection [36..217]
                field_selection [36..217]
                    relation_ref [36..46]
                        qualified_name [36..46]
                            Name "movie_info" [36..46]
                    field_selection_tail [46..217]
                        field_suffix [46..217]
                            clause_list [46..68]
                                LPar "(" [46..47]
                                clause [47..67]
                                    where_clause [47..67]
                                        Where "where" [47..52]
                                        Whitespace " " [52..53]
                                        binary_expr [53..67]
                                            expr [53..56]
                                                scoped_path [53..56]
                                                    Dot "." [53..54]
                                                    scoped_path_segment [54..56]
                                                        qualified_name [54..56]
                                                            Name "id" [54..56]
                                            Whitespace " " [56..57]
                                            binary_operator [57..59]
                                                comparison_operator [57..59]
                                                    Eq "==" [57..59]
                                            Whitespace " " [59..60]
                                            expr [60..67]
                                                literal [60..67]
                                                    Number "1811435" [60..67]
                                RPar ")" [67..68]
                            Whitespace " " [68..69]
                            selection_set [69..217]
                                LBrace "{" [69..70]
                                Whitespace "\n    " [70..75]
                                selection [75..82]
                                    field_selection [75..82]
                                        relation_ref [75..77]
                                            qualified_name [75..77]
                                                Name "id" [75..77]
                                        Whitespace "\n    " [77..82]
                                        field_selection_tail [82..82]
                                            field_suffix [82..82]
                                selection [82..213]
                                    field_selection [82..213]
                                        relation_ref [82..87]
                                            qualified_name [82..87]
                                                Name "title" [82..87]
                                        Whitespace " " [87..88]
                                        field_selection_tail [88..213]
                                            field_suffix [88..213]
                                                selection_set [88..213]
                                                    LBrace "{" [88..89]
                                                    Whitespace "\n      " [89..96]
                                                    selection [96..145]
                                                        field_selection [96..145]
                                                            relation_ref [96..103]
                                                                qualified_name [96..103]
                                                                    Name "aliases" [96..103]
                                                            field_selection_tail [103..145]
                                                                Colon ":" [103..104]
                                                                Whitespace " " [104..105]
                                                                relation_ref [105..124]
                                                                    qualified_name [105..114]
                                                                        Name "aka_title" [105..114]
                                                                    Arrow "->" [114..116]
                                                                    Name "movie_id" [116..124]
                                                                Whitespace " " [124..125]
                                                                field_suffix [125..145]
                                                                    selection_set [125..145]
                                                                        LBrace "{" [125..126]
                                                                        Whitespace "\n        " [126..135]
                                                                        selection [135..144]
                                                                            field_selection [135..144]
                                                                                relation_ref [135..137]
                                                                                    qualified_name [135..137]
                                                                                        Name "id" [135..137]
                                                                                Whitespace "\n      " [137..144]
                                                                                field_selection_tail [144..144]
                                                                                    field_suffix [144..144]
                                                                        RBrace "}" [144..145]
                                                    Whitespace "\n      " [145..152]
                                                    selection [152..207]
                                                        field_selection [152..207]
                                                            relation_ref [152..160]
                                                                qualified_name [152..160]
                                                                    Name "episodes" [152..160]
                                                            field_selection_tail [160..207]
                                                                Colon ":" [160..161]
                                                                Whitespace " " [161..162]
                                                                relation_ref [162..186]
                                                                    qualified_name [162..171]
                                                                        Name "aka_title" [162..171]
                                                                    Arrow "->" [171..173]
                                                                    Name "episode_of_id" [173..186]
                                                                Whitespace " " [186..187]
                                                                field_suffix [187..207]
                                                                    selection_set [187..207]
                                                                        LBrace "{" [187..188]
                                                                        Whitespace "\n        " [188..197]
                                                                        selection [197..206]
                                                                            field_selection [197..206]
                                                                                relation_ref [197..199]
                                                                                    qualified_name [197..199]
                                                                                        Name "id" [197..199]
                                                                                Whitespace "\n      " [199..206]
                                                                                field_selection_tail [206..206]
                                                                                    field_suffix [206..206]
                                                                        RBrace "}" [206..207]
                                                    Whitespace "\n    " [207..212]
                                                    RBrace "}" [212..213]
                                Whitespace "\n  " [213..216]
                                RBrace "}" [216..217]
            Whitespace "\n" [217..218]
            RBrace "}" [218..219]
    Whitespace "\n" [219..220]
