---
source: crates/dsql-core/tests/it/variables.rs
expression: "format!(\"bindings:\\n{}\\n\\ndiagnostics:\\n{}\", render_bindings(&bowl).await,\nrender_diagnostic_facts(&bowl).await)"
---
bindings:
params.status TopLevel WhereValue Text Some("status") operators=[] enum=[pending|active|archived]
params.statuses TopLevel WhereValue Text Some("statuses") collection operators=[] enum=[pending|active|archived]
params.status TopLevel WhereValue Text Some("status") operators=[] enum=[pending|active|archived]
params.statuses TopLevel WhereValue Text Some("statuses") collection operators=[] enum=[pending|active|archived]
params.shared TopLevel WhereValue Text Some("shared") operators=[] enum=[pending|active|archived]
params.shared TopLevel WhereValue Text Some("shared") operators=[] enum=[pending|active|archived]
params.shared TopLevel WhereValue Text Some("shared") operators=[] enum=[pending|active|archived]
params.shared TopLevel WhereValue Text Some("shared") operators=[] enum=[pending|active|archived]

diagnostics:
Error[214..233]: default for `status` does not match inferred type public.status (one of "pending", "active", "archived")
Error[236..269]: default for `statuses` does not match inferred type public.status[] (one of "pending", "active", "archived")
Error[473..480]: query `NominalEnumConflict` infers incompatible contracts for `params.shared` (first used at 438..445)
Error[604..611]: query `DomainEnumConflict` infers incompatible contracts for `params.shared` (first used at 568..575)
