---
source: crates/dsql-core/tests/it/checks.rs
expression: render_diagnostic_facts(&bowl).await
---
Error[103..118]: default for `limit` does not match inferred type int
Error[1058..1064]: query `IncompatibleMergedContract` infers incompatible contracts for `params.value` (first used at 1038..1044)
Error[1122..1160]: fragment `Required` mixes or duplicates whole-root and leaf bindings for `params`
Error[1246..1260]: fragment `Required` input `count` is bound more than once
Error[1363..1372]: filter-assignment input `enabled` must be a non-null boolean
Error[174..187]: non-null input `limit` cannot use `null` as its default
Error[245..256]: comparison-operator input `op` cannot be nullable
Error[365..388]: default for `direction` does not match inferred type text
Error[476..487]: limit default for `limit` must be a non-negative integer no greater than 9007199254740991
Error[490..519]: offset default for `offset` must be a non-negative integer no greater than 9007199254740991
Error[612..665]: collection default for `ids` cannot contain `null` elements
Error[756..777]: fragment `Required` requires a binding for `params.count` in explicitly bound `params` root
Error[768..776]: fragment `Required` infers no `params` input named `missing`
Error[812..827]: nullable caller input `caller` cannot bind a non-null fragment input
Error[91..98]: query `InvalidDefaults` infers no top-level input named `missing`
Error[922..927]: input `count` is refined more than once in query `DuplicateRefinement`
