---
source: crates/dsql-core/tests/it/format.rs
expression: output
---
selection_boundaries
query Users {
  users(where .id > 18 order by name desc limit 10) {
    id
    name
  }
}

---

comma_line_groups
query Users {
  users {
    id, name, email
  }
}

---

complex_where_clauses
query CastLookupForHauntedMovieInfo {
  movie_info(
    where (
      .info like "%haunted%"
      and .id > 10
      and .movie_id == 10
    )
    or .id == 10
    order by id asc limit 10
  ) {
    id
  }
}

---

aliased_multiline_clause_list
query FeaturedMovie {
  featured: movie_info_idx(
    where .info_type_id == 101
    and .info like %
    and .title.kind_id == $
    and .title.movie_info_idx.info_type_id == 100
    order by info desc, id asc limit 1
  ) {
    id
  }
}

---

short_clause_linebreaks
query Movies {
  movie_info(
    limit 10
    order by id desc
  ) {
    id
  }
}

---

clause_line_groups
query Movies {
  title(
    where .aka_title->episode_of_id.episode_nr > 0
    order by production_year desc limit 25
  ) {
    id
  }
}

---

variables_in_clauses
query KeywordDiscovery {
  keyword(
    where .movie_keyword.title.production_year $[>, >=] $
    order by keyword $sort_dir limit $movie_limit offset %
  ) {
    id
  }
}

---

long_inline_clauses
query Movies {
  title(
    where .aka_title->episode_of_id.episode_nr > 0
    order by production_year desc limit 25 offset 12345
  ) {
    id
  }
}

---

aggregate_transform
query Summary {
  stats: title(where .production_year > 2000) | aggregate {
    count
    earliest: min .production_year
    latest: max .title
  }
}

---

aggregate_predicates
query Popular {
  title(
    where .movie_info_idx | exists
    and .movie_info_idx | count >= %minimum
    limit 10
  ) {
    id
  }
}

---

predicate_extensions
query Visible {
  users(
    where not %disabled
    or .id in [1, null, 2] and .deleted_at is not null and exists .posts(filter Published when %enabled where .title not in %titles)
  ) {
    id
  }
}

---

contextual_identifiers
query exists {
  metrics(
    where .exists == 1
    and .in == 2
    and .is == 3
    and .not == 4
    order by exists asc
  ) {
    in: exists
    is
    not
  }
}

---

filters_and_conditions
condition Admin {
  where $:is_admin
}

filter SoftDelete on {
  .deleted_at: timestamptz
} {
  apply
  where .deleted_at is null
  field deleted_at, field where Admin
}

query Users(
  filter SoftDelete when not %includeDeleted
) {
  users(filter SoftDelete when false) {
    id
  }
}

---

flattened_selections
query Summary {
  users(limit 1) {
    id
    ...posts(where .title like %title) | aggregate {
      post_count: count
    }
  }
  ...public::users | aggregate {
    user_count: count
  }
}

---

variable_contracts
fragment Panel(
  $after? = null
  %limit = 10
) on public::users {
  posts(where .created_at > $after limit %) {
    id
  }
}

query Users(
  %page_size = 20
  filter SoftDelete when %enabled
  %offset? = null
) {
  public::users(offset %) {
    ...Panel($, %limit <- %page_size)
  }
}

---

bounded_dynamic_inputs
query Search(
  %search = {}
  %indexed = {}
  %selected_indexed = {}
  %searchable = {}
  %order = []
) {
  public::users(
    where .id > 0
    and %search on selected
    and %indexed on indexed
    and %selected_indexed on selected_indexed
    and %searchable on searchable
    order by name asc, %order on indexed, id desc
  ) {
    id
    label: name
  }
}

---

dynamic_surface_contextual_names
query searchable(
  $selected = 1
  %indexed = 2
) {
  selected(where .indexed $searchable[==] $selected) {
    selected
    indexed
    selected_indexed
    searchable
  }
}

---

variable_contract_comments
fragment Panel(
  # leading header comment
  $after? = null
  # after first refinement
  # between refinements
  # retained comment block
  %limit = 10
  # trailing header comment
) on public::users {
  id
}

query Users(
  # leading query comment
  %page_size = 20
  # between query items
  filter SoftDelete when %enabled
  # trailing query comment
) {
  public::users {
    ...Panel(
      # leading binding comment
      $after <- $created_after,
      # after first binding
      # between bindings
      %limit <- %page_size
      # trailing binding comment
    )
  }
}

---

comment_trivia
query Users {
  # ids
  id
}
