---
source: crates/dsql-core/tests/it/sql.rs
expression: "format!(\"before:\\n{before}\\n\\nafter:\\n{after}\\n\\ngrouped before:\\n{grouped_before}\\n\\ngrouped after:\\n{grouped_after}\")"
---
before:
-- edge
select
  JSON_BUILD_OBJECT('value', MAX("edge_26e19395"."name")) as "edge"
from
  "public"."users" as "edge_26e19395"

after:
-- edge
select
  JSON_BUILD_OBJECT('value', MIN("edge_26e19395"."name")) as "edge"
from
  "public"."users" as "edge_26e19395"

grouped before:
-- edge
select
  COALESCE(
    JSON_AGG(
      JSON_BUILD_OBJECT(
        'key',
        "edge_26e19395_groups"."key",
        'count',
        "edge_26e19395_groups"."count"
      )
    ),
    '[]'
  ) as "edge"
from
  (
    select
      "edge_26e19395"."name" as "key",
      COUNT(*) as "count"
    from
      "public"."users" as "edge_26e19395"
    group by
      "edge_26e19395"."name"
  ) as "edge_26e19395_groups"

grouped after:
-- edge
select
  COALESCE(
    JSON_AGG(
      JSON_BUILD_OBJECT(
        'key',
        "edge_26e19395_groups"."key",
        'count',
        "edge_26e19395_groups"."count"
      )
    ),
    '[]'
  ) as "edge"
from
  (
    select
      "edge_26e19395"."email" as "key",
      COUNT(*) as "count"
    from
      "public"."users" as "edge_26e19395"
    group by
      "edge_26e19395"."email"
  ) as "edge_26e19395_groups"
