---
source: crates/dsql-core/tests/it/catalog.rs
expression: render_builtin_capabilities()
---
Uuid
  name: uuid
  aliases: [uuid]
  description: UUID
  wire: Uuid
  operators: [==, !=]
  orderable: true
  literals: [string] / Any / string
  defaults: [string] / Any / string
  aggregates: min=- max=- sum=- avg=-

Text
  name: text
  aliases: [text, varchar, bpchar, char, name]
  description: text
  wire: Text
  operators: [==, !=, like]
  orderable: true
  literals: [string] / Any / string
  defaults: [string] / Any / string
  aggregates: min=text max=text sum=- avg=-

Timestamptz
  name: timestamptz
  aliases: [timestamptz, timestamp with time zone]
  description: timestamp with time zone
  wire: Timestamptz
  operators: [==, !=, >, >=, <, <=]
  orderable: true
  literals: [string] / Any / string
  defaults: [string] / Any / string
  aggregates: min=timestamptz max=timestamptz sum=- avg=-

Int
  name: int
  aliases: [int, int2, int4, int8, integer, smallint, bigint]
  description: integer
  wire: Integer
  operators: [==, !=, >, >=, <, <=]
  orderable: true
  literals: [number] / Integer / number
  defaults: [number] / SafeInteger / safe integer
  aggregates: min=int max=int sum=numeric avg=numeric

Numeric
  name: numeric
  aliases: [numeric, decimal]
  description: exact numeric
  wire: Numeric
  operators: [==, !=, >, >=, <, <=]
  orderable: true
  literals: [number] / Any / number
  defaults: [number] / Any / number
  aggregates: min=- max=- sum=numeric avg=numeric

Float
  name: float
  aliases: [float, float4, real, float8, double precision]
  description: floating-point number
  wire: Float
  operators: [==, !=, >, >=, <, <=]
  orderable: true
  literals: [number] / Any / number
  defaults: [number] / FiniteFloat / finite number
  aggregates: min=- max=- sum=float avg=float

Boolean
  name: boolean
  aliases: [boolean, bool]
  description: boolean
  wire: Boolean
  operators: [==, !=]
  orderable: true
  literals: [boolean] / Any / boolean
  defaults: [boolean] / Any / boolean
  aggregates: min=- max=- sum=- avg=-

Json
  name: json
  aliases: [json, jsonb]
  description: JSON
  wire: Json
  operators: [==, !=]
  orderable: true
  literals: [string] / Any / string
  defaults: [] / Any / value
  aggregates: min=- max=- sum=- avg=-

Unknown
  name: unknown
  aliases: [unknown]
  description: unmapped provider type
  wire: Unsupported
  operators: [==, !=]
  orderable: true
  literals: [] / Any / value
  defaults: [] / Any / value
  aggregates: min=- max=- sum=- avg=-
