---
source: crates/dsql-core/tests/it/parse.rs
expression: "format!(\"{cst}---\\n{}\", render_diagnostics(source, &diagnostics))"
---
document [0..208]
    query_def [0..207]
        Query "query" [0..5]
        Whitespace " " [5..6]
        Name "PredicateExtensions" [6..25]
        Whitespace " " [25..26]
        selection_set [26..207]
            LBrace "{" [26..27]
            Whitespace "\n  " [27..30]
            selection [30..205]
                field_selection [30..205]
                    relation_ref [30..35]
                        qualified_name [30..35]
                            Name "users" [30..35]
                    field_selection_tail [35..205]
                        field_suffix [35..205]
                            clause_list [35..198]
                                LPar "(" [35..36]
                                Whitespace "\n    " [36..41]
                                clause [41..194]
                                    where_clause [41..194]
                                        Where "where" [41..46]
                                        Whitespace " " [46..47]
                                        binary_expr [47..194]
                                            unary_expr [47..61]
                                                Not "not" [47..50]
                                                Whitespace " " [50..51]
                                                expr [51..61]
                                                    value_variable [51..61]
                                                        DollarDollar "$$" [51..53]
                                                        Name "disabled" [53..61]
                                            Whitespace " " [61..62]
                                            Or "or" [62..64]
                                            Whitespace " " [64..65]
                                            binary_expr [65..194]
                                                binary_expr [65..119]
                                                    binary_expr [65..85]
                                                        expr [65..68]
                                                            scoped_path [65..68]
                                                                Dot "." [65..66]
                                                                scoped_path_segment [66..68]
                                                                    qualified_name [66..68]
                                                                        Name "id" [66..68]
                                                        Whitespace " " [68..69]
                                                        In "in" [69..71]
                                                        Whitespace " " [71..72]
                                                        expr [72..85]
                                                            collection_literal [72..85]
                                                                LBracket "[" [72..73]
                                                                expr [73..74]
                                                                    literal [73..74]
                                                                        Number "1" [73..74]
                                                                Comma "," [74..75]
                                                                Whitespace " " [75..76]
                                                                expr [76..80]
                                                                    literal [76..80]
                                                                        Null "null" [76..80]
                                                                Comma "," [80..81]
                                                                Whitespace " " [81..82]
                                                                expr [82..83]
                                                                    literal [82..83]
                                                                        Number "2" [82..83]
                                                                Comma "," [83..84]
                                                                RBracket "]" [84..85]
                                                    Whitespace "\n      " [85..92]
                                                    And "and" [92..95]
                                                    Whitespace " " [95..96]
                                                    null_test_expr [96..119]
                                                        expr [96..107]
                                                            scoped_path [96..107]
                                                                Dot "." [96..97]
                                                                scoped_path_segment [97..107]
                                                                    qualified_name [97..107]
                                                                        Name "deleted_at" [97..107]
                                                        Whitespace " " [107..108]
                                                        Is "is" [108..110]
                                                        Whitespace " " [110..111]
                                                        Not "not" [111..114]
                                                        Whitespace " " [114..115]
                                                        Null "null" [115..119]
                                                Whitespace "\n      " [119..126]
                                                And "and" [126..129]
                                                Whitespace " " [129..130]
                                                expr [130..194]
                                                    exists_expr [130..194]
                                                        Exists "exists" [130..136]
                                                        Whitespace " " [136..137]
                                                        exists_source [137..194]
                                                            scoped_path [137..143]
                                                                Dot "." [137..138]
                                                                scoped_path_segment [138..143]
                                                                    qualified_name [138..143]
                                                                        Name "posts" [138..143]
                                                            LPar "(" [143..144]
                                                            where_clause [144..193]
                                                                Where "where" [144..149]
                                                                Whitespace " " [149..150]
                                                                binary_expr [150..193]
                                                                    binary_expr [150..172]
                                                                        expr [150..156]
                                                                            scoped_path [150..156]
                                                                                Dot "." [150..151]
                                                                                scoped_path_segment [151..156]
                                                                                    qualified_name [151..156]
                                                                                        Name "title" [151..156]
                                                                        Whitespace " " [156..157]
                                                                        Not "not" [157..160]
                                                                        Whitespace " " [160..161]
                                                                        In "in" [161..163]
                                                                        Whitespace " " [163..164]
                                                                        expr [164..172]
                                                                            value_variable [164..172]
                                                                                DollarDollar "$$" [164..166]
                                                                                Name "titles" [166..172]
                                                                    Whitespace " " [172..173]
                                                                    And "and" [173..176]
                                                                    Whitespace " " [176..177]
                                                                    binary_expr [177..193]
                                                                        expr [177..185]
                                                                            scoped_path [177..185]
                                                                                Dot "." [177..178]
                                                                                scoped_path_segment [178..185]
                                                                                    qualified_name [178..185]
                                                                                        Name "user_id" [178..185]
                                                                        Whitespace " " [185..186]
                                                                        binary_operator [186..188]
                                                                            comparison_operator [186..188]
                                                                                Eq "==" [186..188]
                                                                        Whitespace " " [188..189]
                                                                        expr [189..193]
                                                                            scoped_path [189..193]
                                                                                DotDot ".." [189..191]
                                                                                scoped_path_segment [191..193]
                                                                                    qualified_name [191..193]
                                                                                        Name "id" [191..193]
                                                            RPar ")" [193..194]
                                Whitespace "\n  " [194..197]
                                RPar ")" [197..198]
                            Whitespace " " [198..199]
                            selection_set [199..205]
                                LBrace "{" [199..200]
                                Whitespace " " [200..201]
                                selection [201..204]
                                    field_selection [201..204]
                                        relation_ref [201..203]
                                            qualified_name [201..203]
                                                Name "id" [201..203]
                                        Whitespace " " [203..204]
                                        field_selection_tail [204..204]
                                            field_suffix [204..204]
                                RBrace "}" [204..205]
            Whitespace "\n" [205..206]
            RBrace "}" [206..207]
    Whitespace "\n" [207..208]
---
