---
source: crates/dsql-core/tests/it/format.rs
expression: output
---
selection_boundaries
query Users {
  users(where .id > 18 order by name desc limit 10) {
    id
    name
  }
}

---

comma_line_groups
query Users {
  users {
    id, name, email
  }
}

---

complex_where_clauses
query CastLookupForHauntedMovieInfo {
  movie_info(where (
      .info like "%haunted%"
      and .id > 10
      and .movie_id == 10
    )
    or .id == 10
    order by id asc limit 10
  ) {
    id
  }
}

---

short_clause_linebreaks
query Movies {
  movie_info(limit 10
    order by id desc
  ) {
    id
  }
}

---

clause_line_groups
query Movies {
  title(where .aka_title->episode_of_id.episode_nr > 0
    order by production_year desc limit 25
  ) {
    id
  }
}

---

variables_in_clauses
query KeywordDiscovery {
  keyword(where .movie_keyword.title.production_year $[>, >=] $
    order by keyword $sort_dir limit $movie_limit offset $$
  ) {
    id
  }
}

---

long_inline_clauses
query Movies {
  title(where .aka_title->episode_of_id.episode_nr > 0
    order by production_year desc limit 25 offset 12345
  ) {
    id
  }
}

---

aggregate_transform
query Summary {
  stats: title(where .production_year > 2000) | aggregate {
    count
    earliest: min .production_year
    latest: max .title
  }
}

---

comment_trivia
query Users {
  # ids
  id
}
