---
source: crates/dsql-core/tests/it/parse.rs
expression: "cst_snapshot(\"invalid/imdb-scalar-clause-list.dsql\")"
---
document [0..85]
    query_def [0..84]
        Query "query" [0..5]
        Whitespace " " [5..6]
        Name "ScalarClauseList" [6..22]
        Whitespace " " [22..23]
        selection_set [23..84]
            LBrace "{" [23..24]
            Whitespace "\n  " [24..27]
            selection [27..82]
                field_selection [27..82]
                    relation_ref [27..37]
                        qualified_name [27..37]
                            Name "movie_info" [27..37]
                    field_selection_tail [37..82]
                        field_suffix [37..82]
                            clause_list [37..58]
                                LPar "(" [37..38]
                                clause [38..57]
                                    where_clause [38..57]
                                        Where "where" [38..43]
                                        Whitespace " " [43..44]
                                        binary_expr [44..57]
                                            expr [44..47]
                                                scoped_path [44..47]
                                                    Dot "." [44..45]
                                                    scoped_path_segment [45..47]
                                                        qualified_name [45..47]
                                                            Name "id" [45..47]
                                            Whitespace " " [47..48]
                                            binary_operator [48..50]
                                                comparison_operator [48..50]
                                                    Eq "==" [48..50]
                                            Whitespace " " [50..51]
                                            expr [51..57]
                                                literal [51..57]
                                                    String "\"test\"" [51..57]
                                RPar ")" [57..58]
                            Whitespace " " [58..59]
                            selection_set [59..82]
                                LBrace "{" [59..60]
                                Whitespace "\n    " [60..65]
                                selection [65..72]
                                    field_selection [65..72]
                                        relation_ref [65..67]
                                            qualified_name [65..67]
                                                Name "id" [65..67]
                                        Whitespace "\n    " [67..72]
                                        field_selection_tail [72..72]
                                            field_suffix [72..72]
                                selection [72..78]
                                    field_selection [72..78]
                                        relation_ref [72..76]
                                            qualified_name [72..76]
                                                Name "note" [72..76]
                                        field_selection_tail [76..78]
                                            field_suffix [76..78]
                                                clause_list [76..78]
                                                    LPar "(" [76..77]
                                                    RPar ")" [77..78]
                                Whitespace "\n  " [78..81]
                                RBrace "}" [81..82]
            Whitespace "\n" [82..83]
            RBrace "}" [83..84]
    Whitespace "\n" [84..85]
