---
source: crates/dsql-core/tests/it/sql.rs
expression: render_sql(&bowl).await
---
-- OptionalAtoms
select
  "root_0"."direct" as "direct",
  "root_1"."pattern" as "pattern",
  "root_2"."required_pattern" as "required_pattern",
  "root_3"."seed" as "seed",
  "root_4"."reversed" as "reversed",
  "root_5"."multiple" as "multiple",
  "root_6"."negated" as "negated"
from
  (
    select
      COALESCE(
        JSON_AGG(JSON_BUILD_OBJECT('id', "direct_664e5a81"."id")),
        '[]'
      ) as "direct"
    from
      (
        select
          *
        from
          "public"."users" as "direct_664e5a81"
        where
          "direct_664e5a81"."id" = ($1)
          or (not ($1 is not null))
        limit
          10
      ) as "direct_664e5a81"
  ) as "root_0"
  cross join (
    select
      COALESCE(
        JSON_AGG(JSON_BUILD_OBJECT('id', "pattern_d803321a"."id")),
        '[]'
      ) as "pattern"
    from
      (
        select
          *
        from
          "public"."users" as "pattern_d803321a"
        where
          ("pattern_d803321a"."name" like $2)
          or (not ($2 is not null))
        limit
          10
      ) as "pattern_d803321a"
  ) as "root_1"
  cross join (
    select
      COALESCE(
        JSON_AGG(
          JSON_BUILD_OBJECT('id', "required_pattern_aaf880a8"."id")
        ),
        '[]'
      ) as "required_pattern"
    from
      (
        select
          *
        from
          "public"."users" as "required_pattern_aaf880a8"
        where
          ("required_pattern_aaf880a8"."name" like $3)
          or (not ($3 is not null))
        limit
          10
      ) as "required_pattern_aaf880a8"
  ) as "root_2"
  cross join (
    select
      COALESCE(
        JSON_AGG(JSON_BUILD_OBJECT('id', "seed_3acba0f5"."id")),
        '[]'
      ) as "seed"
    from
      (
        select
          *
        from
          "public"."users" as "seed_3acba0f5"
        where
          (
            (
              "seed_3acba0f5"."id" = ($4)
              or (not ($4 is not null))
            )
            and (
              "seed_3acba0f5"."id" = ($5)
              or (not ($5 is not null))
            )
          )
          or (
            not (
              ($4 is not null)
              or ($5 is not null)
            )
          )
        limit
          10
      ) as "seed_3acba0f5"
  ) as "root_3"
  cross join (
    select
      COALESCE(
        JSON_AGG(
          JSON_BUILD_OBJECT('id', "reversed_be149a76"."id")
        ),
        '[]'
      ) as "reversed"
    from
      (
        select
          *
        from
          "public"."users" as "reversed_be149a76"
        where
          (
            ($1) = "reversed_be149a76"."id"
            and ($1 is not null)
          )
          or "reversed_be149a76"."name" = 'fallback'
        limit
          10
      ) as "reversed_be149a76"
  ) as "root_4"
  cross join (
    select
      COALESCE(
        JSON_AGG(
          JSON_BUILD_OBJECT('id', "multiple_21425244"."id")
        ),
        '[]'
      ) as "multiple"
    from
      (
        select
          *
        from
          "public"."users" as "multiple_21425244"
        where
          (
            ($4) = ($5)
            and (
              ($4 is not null)
              and ($5 is not null)
            )
          )
          or "multiple_21425244"."name" = 'fallback'
        limit
          10
      ) as "multiple_21425244"
  ) as "root_5"
  cross join (
    select
      COALESCE(
        JSON_AGG(JSON_BUILD_OBJECT('id', "negated_a22fcfea"."id")),
        '[]'
      ) as "negated"
    from
      (
        select
          *
        from
          "public"."users" as "negated_a22fcfea"
        where
          (not (($1) = "negated_a22fcfea"."id"))
          or (not ($1 is not null))
        limit
          10
      ) as "negated_a22fcfea"
  ) as "root_6"
-- parameters: params.id, params.name, params.required_name, params.left, params.right
