---
source: crates/dsql-core/tests/it/parse.rs
expression: "format!(\"{cst}---\\n{rendered}\")"
---
document [0..278]
    fragment_def [0..29]
        Fragment "fragment" [0..8]
        Whitespace " " [8..9]
        Name "Bits" [9..13]
        Whitespace " " [13..14]
        On "on" [14..16]
        Whitespace " " [16..17]
        qualified_name [17..22]
            Name "users" [17..22]
        Whitespace " " [22..23]
        selection_set [23..29]
            LBrace "{" [23..24]
            Whitespace " " [24..25]
            selection [25..28]
                field_selection [25..28]
                    relation_ref [25..27]
                        qualified_name [25..27]
                            Name "id" [25..27]
                    Whitespace " " [27..28]
                    field_selection_tail [28..28]
                        field_suffix [28..28]
            RBrace "}" [28..29]
    Whitespace "\n" [29..30]
    query_def [30..277]
        Query "query" [30..35]
        Whitespace " " [35..36]
        Name "Flattened" [36..45]
        Whitespace " " [45..46]
        selection_set [46..277]
            LBrace "{" [46..47]
            Whitespace "\n  " [47..50]
            selection [50..200]
                field_selection [50..200]
                    relation_ref [50..58]
                        qualified_name [50..58]
                            Name "accounts" [50..58]
                    field_selection_tail [58..200]
                        Colon ":" [58..59]
                        Whitespace " " [59..60]
                        relation_ref [60..65]
                            qualified_name [60..65]
                                Name "users" [60..65]
                        field_suffix [65..200]
                            clause_list [65..74]
                                LPar "(" [65..66]
                                clause [66..73]
                                    limit_clause [66..73]
                                        Limit "limit" [66..71]
                                        Whitespace " " [71..72]
                                        expr [72..73]
                                            literal [72..73]
                                                Number "1" [72..73]
                                RPar ")" [73..74]
                            Whitespace " " [74..75]
                            selection_set [75..200]
                                LBrace "{" [75..76]
                                Whitespace "\n    " [76..81]
                                selection [81..107]
                                    fragment_spread [81..107]
                                        Ellipsis "..." [81..84]
                                        Name "Bits" [84..88]
                                        Whitespace " " [88..89]
                                        directive [89..107]
                                            At "@" [89..90]
                                            directive_name [90..97]
                                                directive_namespace [90..97]
                                                    Name "include" [90..97]
                                            LPar "(" [97..98]
                                            directive_argument [98..106]
                                                Name "if" [98..100]
                                                Colon ":" [100..101]
                                                Whitespace " " [101..102]
                                                expr [102..106]
                                                    literal [102..106]
                                                        True "true" [102..106]
                                            RPar ")" [106..107]
                                Whitespace "\n    " [107..112]
                                selection [112..149]
                                    field_selection [112..149]
                                        Ellipsis "..." [112..115]
                                        relation_ref [115..120]
                                            qualified_name [115..120]
                                                Name "posts" [115..120]
                                        Whitespace " " [120..121]
                                        field_selection_tail [121..149]
                                            field_suffix [121..149]
                                                directive [121..139]
                                                    At "@" [121..122]
                                                    directive_name [122..129]
                                                        directive_namespace [122..129]
                                                            Name "include" [122..129]
                                                    LPar "(" [129..130]
                                                    directive_argument [130..138]
                                                        Name "if" [130..132]
                                                        Colon ":" [132..133]
                                                        Whitespace " " [133..134]
                                                        expr [134..138]
                                                            literal [134..138]
                                                                True "true" [134..138]
                                                    RPar ")" [138..139]
                                                Whitespace " " [139..140]
                                                selection_set [140..149]
                                                    LBrace "{" [140..141]
                                                    Whitespace " " [141..142]
                                                    selection [142..148]
                                                        field_selection [142..148]
                                                            relation_ref [142..147]
                                                                qualified_name [142..147]
                                                                    Name "title" [142..147]
                                                            Whitespace " " [147..148]
                                                            field_selection_tail [148..148]
                                                                field_suffix [148..148]
                                                    RBrace "}" [148..149]
                                Whitespace "\n    " [149..154]
                                selection [154..196]
                                    field_selection [154..196]
                                        Ellipsis "..." [154..157]
                                        relation_ref [157..162]
                                            qualified_name [157..162]
                                                Name "posts" [157..162]
                                        Whitespace " " [162..163]
                                        field_selection_tail [163..196]
                                            field_suffix [163..196]
                                                pipe_transform [163..196]
                                                    Pipe "|" [163..164]
                                                    Whitespace " " [164..165]
                                                    Name "aggregate" [165..174]
                                                    Whitespace " " [174..175]
                                                    aggregate_set [175..196]
                                                        LBrace "{" [175..176]
                                                        Whitespace " " [176..177]
                                                        aggregate_field [177..194]
                                                            Name "post_count" [177..187]
                                                            Colon ":" [187..188]
                                                            Whitespace " " [188..189]
                                                            Name "count" [189..194]
                                                        Whitespace " " [194..195]
                                                        RBrace "}" [195..196]
                                Whitespace "\n  " [196..199]
                                RBrace "}" [199..200]
            Whitespace "\n  " [200..203]
            selection [203..275]
                field_selection [203..275]
                    Ellipsis "..." [203..206]
                    relation_ref [206..219]
                        qualified_name [206..219]
                            Name "public" [206..212]
                            ColonColon "::" [212..214]
                            Name "users" [214..219]
                    field_selection_tail [219..275]
                        field_suffix [219..275]
                            clause_list [219..241]
                                LPar "(" [219..220]
                                clause [220..240]
                                    where_clause [220..240]
                                        Where "where" [220..225]
                                        Whitespace " " [225..226]
                                        binary_expr [226..240]
                                            expr [226..231]
                                                scoped_path [226..231]
                                                    Dot "." [226..227]
                                                    scoped_path_segment [227..231]
                                                        qualified_name [227..231]
                                                            Name "name" [227..231]
                                            Whitespace " " [231..232]
                                            binary_operator [232..234]
                                                comparison_operator [232..234]
                                                    Eq "==" [232..234]
                                            Whitespace " " [234..235]
                                            expr [235..240]
                                                value_variable [235..240]
                                                    Percent "%" [235..236]
                                                    variable_name [236..240]
                                                        Name "name" [236..240]
                                RPar ")" [240..241]
                            Whitespace " " [241..242]
                            pipe_transform [242..275]
                                Pipe "|" [242..243]
                                Whitespace " " [243..244]
                                Name "aggregate" [244..253]
                                Whitespace " " [253..254]
                                aggregate_set [254..275]
                                    LBrace "{" [254..255]
                                    Whitespace " " [255..256]
                                    aggregate_field [256..273]
                                        Name "user_count" [256..266]
                                        Colon ":" [266..267]
                                        Whitespace " " [267..268]
                                        Name "count" [268..273]
                                    Whitespace " " [273..274]
                                    RBrace "}" [274..275]
            Whitespace "\n" [275..276]
            RBrace "}" [276..277]
    Whitespace "\n" [277..278]
---
