---
source: crates/dsql-core/tests/it/parse.rs
expression: "format!(\"{cst}---\\n{rendered}\")"
---
document [0..127]
    query_def [0..126]
        Query "query" [0..5]
        Whitespace " " [5..6]
        Name "Summary" [6..13]
        Whitespace " " [13..14]
        selection_set [14..126]
            LBrace "{" [14..15]
            Whitespace "\n  " [15..18]
            selection [18..124]
                field_selection [18..124]
                    relation_ref [18..23]
                        qualified_name [18..23]
                            Name "stats" [18..23]
                    field_selection_tail [23..124]
                        Colon ":" [23..24]
                        Whitespace " " [24..25]
                        relation_ref [25..30]
                            qualified_name [25..30]
                                Name "title" [25..30]
                        field_suffix [30..124]
                            clause_list [30..61]
                                LPar "(" [30..31]
                                clause [31..60]
                                    where_clause [31..60]
                                        Where "where" [31..36]
                                        Whitespace " " [36..37]
                                        binary_expr [37..60]
                                            expr [37..53]
                                                scoped_path [37..53]
                                                    Dot "." [37..38]
                                                    scoped_path_segment [38..53]
                                                        qualified_name [38..53]
                                                            Name "production_year" [38..53]
                                            Whitespace " " [53..54]
                                            binary_operator [54..55]
                                                comparison_operator [54..55]
                                                    Gt ">" [54..55]
                                            Whitespace " " [55..56]
                                            expr [56..60]
                                                literal [56..60]
                                                    Number "2000" [56..60]
                                RPar ")" [60..61]
                            Whitespace " " [61..62]
                            pipe_transform [62..124]
                                Pipe "|" [62..63]
                                Whitespace " " [63..64]
                                Name "aggregate" [64..73]
                                Whitespace " " [73..74]
                                aggregate_set [74..124]
                                    LBrace "{" [74..75]
                                    Whitespace "\n    " [75..80]
                                    aggregate_field [80..85]
                                        Name "count" [80..85]
                                    Whitespace "\n    " [85..90]
                                    aggregate_field [90..120]
                                        Name "earliest" [90..98]
                                        Colon ":" [98..99]
                                        Whitespace " " [99..100]
                                        Name "min" [100..103]
                                        Whitespace " " [103..104]
                                        scoped_path [104..120]
                                            Dot "." [104..105]
                                            scoped_path_segment [105..120]
                                                qualified_name [105..120]
                                                    Name "production_year" [105..120]
                                    Whitespace "\n  " [120..123]
                                    RBrace "}" [123..124]
            Whitespace "\n" [124..125]
            RBrace "}" [125..126]
    Whitespace "\n" [126..127]
---
