---
source: crates/dsql-core/tests/it/variables.rs
expression: "rendered.join(\"\\n\")"
---
input.RatingFilter.input.ratings.clause.limit.count Limit Int Some("count")
input.RatingFilter.input.ratings.clause.order_by.id.direction.direction SortDirection Unknown Some("direction")
input.RatingFilter.input.ratings.clause.where.info_type_id.type WhereValue Int Some("type")
