---
source: crates/dsql-core/tests/it/checks.rs
expression: render_diagnostic_facts(&bowl).await
---
Error[180..193]: bounded dynamic predicate inputs must be named top-level query inputs
Error[207..220]: bounded dynamic order inputs must be named top-level query inputs
Error[360..379]: bounded dynamic predicates must be the whole predicate or occur in positive `and` position
Error[462..481]: bounded dynamic predicates must be the whole predicate or occur in positive `and` position
Error[580..599]: bounded dynamic predicates inside `exists` require the nested source to declare a public dynamic input surface
Error[63..82]: bounded dynamic predicate inputs are not supported in fragments
Error[96..114]: bounded dynamic order inputs are not supported in fragments
