---
source: crates/dsql-cli/tests/cli.rs
expression: structured_types
---
{
  "structured_type_values": [
    {
      "address": "127.0.0.1/32",
      "addresses": [
        "127.0.0.1/32",
        "2001:db8::1/128"
      ],
      "label": "primary",
      "labels": [
        "north",
        "south"
      ],
      "wide_matrix": [
        [
          "9007199254740993",
          "2"
        ],
        [
          "3",
          "4"
        ]
      ],
      "wide_values": [
        "9007199254740993",
        "2"
      ]
    }
  ]
}
