---
source: crates/dsql-cli/tests/cli.rs
assertion_line: 141
expression: stdout(&output)
---
document [0..104]
    query_def [0..103]
        Query "query" [0..5]
        Whitespace " " [5..6]
        Name "Titles" [6..12]
        Whitespace " " [12..13]
        selection_set [13..103]
            LBrace "{" [13..14]
            Whitespace "\n  " [14..17]
            selection [17..101]
                field_selection [17..101]
                    relation_ref [17..22]
                        qualified_name [17..22]
                            Name "title" [17..22]
                    field_selection_tail [22..101]
                        field_suffix [22..101]
                            clause_list [22..45]
                                LPar "(" [22..23]
                                clause [23..36]
                                    where_clause [23..36]
                                        Where "where" [23..28]
                                        Whitespace " " [28..29]
                                        binary_expr [29..36]
                                            expr [29..32]
                                                scoped_path [29..32]
                                                    Dot "." [29..30]
                                                    scoped_path_segment [30..32]
                                                        qualified_name [30..32]
                                                            Name "id" [30..32]
                                            Whitespace " " [32..33]
                                            binary_operator [33..34]
                                                comparison_operator [33..34]
                                                    Gt ">" [33..34]
                                            Whitespace " " [34..35]
                                            expr [35..36]
                                                literal [35..36]
                                                    Number "0" [35..36]
                                Whitespace " " [36..37]
                                clause [37..44]
                                    limit_clause [37..44]
                                        Limit "limit" [37..42]
                                        Whitespace " " [42..43]
                                        expr [43..44]
                                            literal [43..44]
                                                Number "2" [43..44]
                                RPar ")" [44..45]
                            Whitespace " " [45..46]
                            selection_set [46..101]
                                LBrace "{" [46..47]
                                Whitespace "\n    " [47..52]
                                selection [52..59]
                                    field_selection [52..59]
                                        relation_ref [52..54]
                                            qualified_name [52..54]
                                                Name "id" [52..54]
                                        Whitespace "\n    " [54..59]
                                        field_selection_tail [59..59]
                                            field_suffix [59..59]
                                selection [59..69]
                                    field_selection [59..69]
                                        relation_ref [59..64]
                                            qualified_name [59..64]
                                                Name "title" [59..64]
                                        Whitespace "\n    " [64..69]
                                        field_selection_tail [69..69]
                                            field_suffix [69..69]
                                selection [69..97]
                                    field_selection [69..97]
                                        relation_ref [69..78]
                                            qualified_name [69..78]
                                                Name "kind_type" [69..78]
                                        Whitespace " " [78..79]
                                        field_selection_tail [79..97]
                                            field_suffix [79..97]
                                                selection_set [79..97]
                                                    LBrace "{" [79..80]
                                                    Whitespace "\n      " [80..87]
                                                    selection [87..96]
                                                        field_selection [87..96]
                                                            relation_ref [87..91]
                                                                qualified_name [87..91]
                                                                    Name "kind" [87..91]
                                                            Whitespace "\n    " [91..96]
                                                            field_selection_tail [96..96]
                                                                field_suffix [96..96]
                                                    RBrace "}" [96..97]
                                Whitespace "\n  " [97..100]
                                RBrace "}" [100..101]
            Whitespace "\n" [101..102]
            RBrace "}" [102..103]
    Whitespace "\n" [103..104]
