---
source: tests/tests/generate.rs
assertion_line: 211
expression: contents
---
{
  "version": 1,
  "operations": [
    {
      "name": "EmbeddedMovieInfoLookup",
      "kind": "query",
      "path": "operations/EmbeddedMovieInfoLookup.json",
      "hash": "2d3e14d95882be2b",
      "source": "src/movie-info.ts"
    }
  ]
}
