---
source: tests/tests/generate.rs
assertion_line: 819
expression: contents
---
{
  "version": 1,
  "operations": [
    {
      "name": "MovieInfoLookup",
      "kind": "query",
      "path": "operations/MovieInfoLookup.json",
      "hash": "bd6ae329864299fb",
      "source": "queries/movie-info.dsql"
    }
  ]
}
