---
source: tests/tests/generate.rs
assertion_line: 842
expression: contents
---
export type DsqlOperation<
    Result = unknown,
    Params = Record<string, never>,
    Input = Record<string, never>,
> = {
    readonly id: string;
    readonly name: string;
    readonly kind: "query";
    readonly result?: Result;
    readonly params?: Params;
    readonly input?: Input;
};

export type DsqlOperationResult<Operation> =
    Operation extends DsqlOperation<infer Result> ? Result : never;

export type DsqlOperationParams<Operation> =
    Operation extends DsqlOperation<unknown, infer Params, unknown>
    ? Params
    : Record<string, never>;

export type DsqlOperationInput<Operation> =
    Operation extends DsqlOperation<unknown, unknown, infer Input>
    ? Input
    : Record<string, never>;
export type MovieInfoLookupResult = {
    movie_info: Array<{
        id: number;
        info: string;
        note: string | null;
        title: {
            title: string;
        };
        info_type: {
            info: string;
        };
    }>;
};
export type MovieInfoLookupParams = Record<string, never>;
export type MovieInfoLookupInput = Record<string, never>;

export const MovieInfoLookupOperation: DsqlOperation<MovieInfoLookupResult, MovieInfoLookupParams, MovieInfoLookupInput> = {
    id: "bd6ae329864299fb",
    name: "MovieInfoLookup",
    kind: "query"
};
export const operations = [
    MovieInfoLookupOperation
] as const;
