---
source: tests/tests/generate.rs
assertion_line: 819
expression: contents
---
{
  "version": 1,
  "operations": [
    {
      "name": "EmbeddedMovieInfoLookup",
      "kind": "query",
      "path": "operations/EmbeddedMovieInfoLookup.json",
      "hash": "f1899b30c2110c9d",
      "source": "src/movie-info.ts"
    }
  ]
}
