---
source: tests/snapshot/generate.rs
expression: contents
---
{
  "version": 1,
  "operations": [
    {
      "name": "MovieInfoLookup",
      "kind": "query",
      "path": "operations/MovieInfoLookup.json",
      "hash": "4704b00f3afcd417",
      "source": "queries/movie-info.dsql"
    }
  ],
  "fragments": []
}
