---
source: crates/dsql-execute/tests/it/main.rs
expression: omitted
---
MaterializedOperation {
    sql: "select $1 where TRUE and TRUE order by NULL::integer",
    parameters: [
        BoundParameter {
            path: "params.tenant",
            data_type: "int",
            collection: false,
            value: 7,
        },
    ],
}
