---
source: crates/dsql-generate/tests/it/generate.rs
expression: fragment
---
{"name":"TitleBits","kind":"fragment","table":"title","result":{"fields":[{"path":"id","name":"id","parent_path":"","kind":"scalar","value_type":{"shape":"scalar","name":"int","display":"int4","wire":{"encoding":"integer"},"closed_values":{"values":[]}},"nullable":false,"access":"unconditional"},{"path":"title","name":"title","parent_path":"","kind":"scalar","value_type":{"shape":"scalar","name":"text","display":"text","wire":{"encoding":"text"},"closed_values":{"values":[]}},"nullable":false,"access":"unconditional"}]},"params":[],"input":[],"dynamic_inputs":[],"fragment_spreads":[],"source_map":[{"id":"TitleBits","file":"queries/shared/fragments.dsql","range":{"start":0,"end":44}}]}
