---
source: crates/dsql-generate/tests/it/generate.rs
expression: manifest
---
{"version":1,"operations":[{"name":"Titles","kind":"query","path":"operations/Titles.json","hash":"efb1feb61052cb7c","source":"queries/frontend/titles.dsql"}],"fragments":[{"name":"TitleBits","kind":"fragment","path":"fragments/TitleBits.json","hash":"7dce516fc7b3d4c6","source":"queries/shared/fragments.dsql"}]}
