---
source: crates/dsql-generate/tests/it/generate.rs
expression: redact_hashes(&manifest)
---
{"version":4,"generationId":1,"operations":[{"name":"TitlePanel","kind":"query","path":"operations/TitlePanel.<address>.json","hash":"<hash>","source":"src/components/TitlePanel.ts"},{"name":"Titles","kind":"query","path":"operations/Titles.<address>.json","hash":"<hash>","source":"queries/frontend/titles.dsql"}],"fragments":[{"name":"KindNameBits","kind":"fragment","path":"fragments/KindNameBits.<address>.json","hash":"<hash>","source":"queries/shared/panels.dsql"},{"name":"PanelBits","kind":"fragment","path":"fragments/PanelBits.<address>.json","hash":"<hash>","source":"queries/shared/panels.dsql"},{"name":"TitleBits","kind":"fragment","path":"fragments/TitleBits.<address>.json","hash":"<hash>","source":"queries/shared/fragments.dsql"}]}
